Reading data for branch 'lep_pt'...
  Compressing branch 'lep_pt' with compressor 'zstd-trunc' (compressionLevel=5, truncBits=2)...
  Appended results to data/muon-zstdtrunc-sweep/results.jsonl
  Compressing branch 'lep_pt' with compressor 'zstd-trunc' (compressionLevel=5, truncBits=2)...
  Appended results to data/muon-zstdtrunc-sweep/results.jsonl
  Compressing branch 'lep_pt' with compressor 'zstd-trunc' (compressionLevel=5, truncBits=2)...
  Appended results to data/muon-zstdtrunc-sweep/results.jsonl
  Compressing branch 'lep_pt' with compressor 'zstd-trunc' (compressionLevel=5, truncBits=2)...
  Appended results to data/muon-zstdtrunc-sweep/results.jsonl
  Compressing branch 'lep_pt' with compressor 'zstd-trunc' (compressionLevel=5, truncBits=2)...
  Appended results to data/muon-zstdtrunc-sweep/results.jsonl
  Compressing branch 'lep_pt' with compressor 'zstd-trunc' (compressionLevel=5, truncBits=2)...
  Appended results to data/muon-zstdtrunc-sweep/results.jsonl
  Compressing branch 'lep_pt' with compressor 'zstd-trunc' (compressionLevel=5, truncBits=2)...
  Appended results to data/muon-zstdtrunc-sweep/results.jsonl
  Compressing branch 'lep_pt' with compressor 'zstd-trunc' (compressionLevel=5, truncBits=2)...
  Appended results to data/muon-zstdtrunc-sweep/results.jsonl
  Compressing branch 'lep_pt' with compressor 'zstd-trunc' (compressionLevel=5, truncBits=2)...
  Appended results to data/muon-zstdtrunc-sweep/results.jsonl
  Compressing branch 'lep_pt' with compressor 'zstd-trunc' (compressionLevel=5, truncBits=2)...
  Appended results to data/muon-zstdtrunc-sweep/results.jsonl
  Compressing branch 'lep_pt' with compressor 'zstd-trunc' (compressionLevel=5, truncBits=2)...
  Appended results to data/muon-zstdtrunc-sweep/results.jsonl
  Compressing branch 'lep_pt' with compressor 'zstd-trunc' (compressionLevel=5, truncBits=4)...
  Appended results to data/muon-zstdtrunc-sweep/results.jsonl
  Compressing branch 'lep_pt' with compressor 'zstd-trunc' (compressionLevel=5, truncBits=4)...
  Appended results to data/muon-zstdtrunc-sweep/results.jsonl
  Compressing branch 'lep_pt' with compressor 'zstd-trunc' (compressionLevel=5, truncBits=4)...
  Appended results to data/muon-zstdtrunc-sweep/results.jsonl
  Compressing branch 'lep_pt' with compressor 'zstd-trunc' (compressionLevel=5, truncBits=4)...
  Appended results to data/muon-zstdtrunc-sweep/results.jsonl
  Compressing branch 'lep_pt' with compressor 'zstd-trunc' (compressionLevel=5, truncBits=4)...
  Appended results to data/muon-zstdtrunc-sweep/results.jsonl
  Compressing branch 'lep_pt' with compressor 'zstd-trunc' (compressionLevel=5, truncBits=4)...
  Appended results to data/muon-zstdtrunc-sweep/results.jsonl
  Compressing branch 'lep_pt' with compressor 'zstd-trunc' (compressionLevel=5, truncBits=4)...
  Appended results to data/muon-zstdtrunc-sweep/results.jsonl
  Compressing branch 'lep_pt' with compressor 'zstd-trunc' (compressionLevel=5, truncBits=4)...
  Appended results to data/muon-zstdtrunc-sweep/results.jsonl
  Compressing branch 'lep_pt' with compressor 'zstd-trunc' (compressionLevel=5, truncBits=4)...
  Appended results to data/muon-zstdtrunc-sweep/results.jsonl
  Compressing branch 'lep_pt' with compressor 'zstd-trunc' (compressionLevel=5, truncBits=4)...
  Appended results to data/muon-zstdtrunc-sweep/results.jsonl
  Compressing branch 'lep_pt' with compressor 'zstd-trunc' (compressionLevel=5, truncBits=4)...
  Appended results to data/muon-zstdtrunc-sweep/results.jsonl
  Compressing branch 'lep_pt' with compressor 'zstd-trunc' (compressionLevel=5, truncBits=8)...
  Appended results to data/muon-zstdtrunc-sweep/results.jsonl
  Compressing branch 'lep_pt' with compressor 'zstd-trunc' (compressionLevel=5, truncBits=8)...
  Appended results to data/muon-zstdtrunc-sweep/results.jsonl
  Compressing branch 'lep_pt' with compressor 'zstd-trunc' (compressionLevel=5, truncBits=8)...
  Appended results to data/muon-zstdtrunc-sweep/results.jsonl
  Compressing branch 'lep_pt' with compressor 'zstd-trunc' (compressionLevel=5, truncBits=8)...
  Appended results to data/muon-zstdtrunc-sweep/results.jsonl
  Compressing branch 'lep_pt' with compressor 'zstd-trunc' (compressionLevel=5, truncBits=8)...
  Appended results to data/muon-zstdtrunc-sweep/results.jsonl
  Compressing branch 'lep_pt' with compressor 'zstd-trunc' (compressionLevel=5, truncBits=8)...
  Appended results to data/muon-zstdtrunc-sweep/results.jsonl
  Compressing branch 'lep_pt' with compressor 'zstd-trunc' (compressionLevel=5, truncBits=8)...
  Appended results to data/muon-zstdtrunc-sweep/results.jsonl
  Compressing branch 'lep_pt' with compressor 'zstd-trunc' (compressionLevel=5, truncBits=8)...
  Appended results to data/muon-zstdtrunc-sweep/results.jsonl
  Compressing branch 'lep_pt' with compressor 'zstd-trunc' (compressionLevel=5, truncBits=8)...
  Appended results to data/muon-zstdtrunc-sweep/results.jsonl
  Compressing branch 'lep_pt' with compressor 'zstd-trunc' (compressionLevel=5, truncBits=8)...
  Appended results to data/muon-zstdtrunc-sweep/results.jsonl
  Compressing branch 'lep_pt' with compressor 'zstd-trunc' (compressionLevel=5, truncBits=8)...
  Appended results to data/muon-zstdtrunc-sweep/results.jsonl
  Compressing branch 'lep_pt' with compressor 'zstd-trunc' (compressionLevel=5, truncBits=10)...
  Appended results to data/muon-zstdtrunc-sweep/results.jsonl
  Compressing branch 'lep_pt' with compressor 'zstd-trunc' (compressionLevel=5, truncBits=10)...
  Appended results to data/muon-zstdtrunc-sweep/results.jsonl
  Compressing branch 'lep_pt' with compressor 'zstd-trunc' (compressionLevel=5, truncBits=10)...
  Appended results to data/muon-zstdtrunc-sweep/results.jsonl
  Compressing branch 'lep_pt' with compressor 'zstd-trunc' (compressionLevel=5, truncBits=10)...
  Appended results to data/muon-zstdtrunc-sweep/results.jsonl
  Compressing branch 'lep_pt' with compressor 'zstd-trunc' (compressionLevel=5, truncBits=10)...
  Appended results to data/muon-zstdtrunc-sweep/results.jsonl
  Compressing branch 'lep_pt' with compressor 'zstd-trunc' (compressionLevel=5, truncBits=10)...
  Appended results to data/muon-zstdtrunc-sweep/results.jsonl
  Compressing branch 'lep_pt' with compressor 'zstd-trunc' (compressionLevel=5, truncBits=10)...
  Appended results to data/muon-zstdtrunc-sweep/results.jsonl
  Compressing branch 'lep_pt' with compressor 'zstd-trunc' (compressionLevel=5, truncBits=10)...
  Appended results to data/muon-zstdtrunc-sweep/results.jsonl
  Compressing branch 'lep_pt' with compressor 'zstd-trunc' (compressionLevel=5, truncBits=10)...
  Appended results to data/muon-zstdtrunc-sweep/results.jsonl
  Compressing branch 'lep_pt' with compressor 'zstd-trunc' (compressionLevel=5, truncBits=10)...
  Appended results to data/muon-zstdtrunc-sweep/results.jsonl
  Compressing branch 'lep_pt' with compressor 'zstd-trunc' (compressionLevel=5, truncBits=10)...
  Appended results to data/muon-zstdtrunc-sweep/results.jsonl
  Compressing branch 'lep_pt' with compressor 'zstd-trunc' (compressionLevel=5, truncBits=12)...
  Appended results to data/muon-zstdtrunc-sweep/results.jsonl
  Compressing branch 'lep_pt' with compressor 'zstd-trunc' (compressionLevel=5, truncBits=12)...
  Appended results to data/muon-zstdtrunc-sweep/results.jsonl
  Compressing branch 'lep_pt' with compressor 'zstd-trunc' (compressionLevel=5, truncBits=12)...
  Appended results to data/muon-zstdtrunc-sweep/results.jsonl
  Compressing branch 'lep_pt' with compressor 'zstd-trunc' (compressionLevel=5, truncBits=12)...
  Appended results to data/muon-zstdtrunc-sweep/results.jsonl
  Compressing branch 'lep_pt' with compressor 'zstd-trunc' (compressionLevel=5, truncBits=12)...
  Appended results to data/muon-zstdtrunc-sweep/results.jsonl
  Compressing branch 'lep_pt' with compressor 'zstd-trunc' (compressionLevel=5, truncBits=12)...
  Appended results to data/muon-zstdtrunc-sweep/results.jsonl
  Compressing branch 'lep_pt' with compressor 'zstd-trunc' (compressionLevel=5, truncBits=12)...
  Appended results to data/muon-zstdtrunc-sweep/results.jsonl
  Compressing branch 'lep_pt' with compressor 'zstd-trunc' (compressionLevel=5, truncBits=12)...
  Appended results to data/muon-zstdtrunc-sweep/results.jsonl
  Compressing branch 'lep_pt' with compressor 'zstd-trunc' (compressionLevel=5, truncBits=12)...
  Appended results to data/muon-zstdtrunc-sweep/results.jsonl
  Compressing branch 'lep_pt' with compressor 'zstd-trunc' (compressionLevel=5, truncBits=12)...
  Appended results to data/muon-zstdtrunc-sweep/results.jsonl
  Compressing branch 'lep_pt' with compressor 'zstd-trunc' (compressionLevel=5, truncBits=12)...
  Appended results to data/muon-zstdtrunc-sweep/results.jsonl
  Compressing branch 'lep_pt' with compressor 'zstd-trunc' (compressionLevel=5, truncBits=14)...
  Appended results to data/muon-zstdtrunc-sweep/results.jsonl
  Compressing branch 'lep_pt' with compressor 'zstd-trunc' (compressionLevel=5, truncBits=14)...
  Appended results to data/muon-zstdtrunc-sweep/results.jsonl
  Compressing branch 'lep_pt' with compressor 'zstd-trunc' (compressionLevel=5, truncBits=14)...
  Appended results to data/muon-zstdtrunc-sweep/results.jsonl
  Compressing branch 'lep_pt' with compressor 'zstd-trunc' (compressionLevel=5, truncBits=14)...
  Appended results to data/muon-zstdtrunc-sweep/results.jsonl
  Compressing branch 'lep_pt' with compressor 'zstd-trunc' (compressionLevel=5, truncBits=14)...
  Appended results to data/muon-zstdtrunc-sweep/results.jsonl
  Compressing branch 'lep_pt' with compressor 'zstd-trunc' (compressionLevel=5, truncBits=14)...
  Appended results to data/muon-zstdtrunc-sweep/results.jsonl
  Compressing branch 'lep_pt' with compressor 'zstd-trunc' (compressionLevel=5, truncBits=14)...
  Appended results to data/muon-zstdtrunc-sweep/results.jsonl
  Compressing branch 'lep_pt' with compressor 'zstd-trunc' (compressionLevel=5, truncBits=14)...
  Appended results to data/muon-zstdtrunc-sweep/results.jsonl
  Compressing branch 'lep_pt' with compressor 'zstd-trunc' (compressionLevel=5, truncBits=14)...
  Appended results to data/muon-zstdtrunc-sweep/results.jsonl
  Compressing branch 'lep_pt' with compressor 'zstd-trunc' (compressionLevel=5, truncBits=14)...
  Appended results to data/muon-zstdtrunc-sweep/results.jsonl
  Compressing branch 'lep_pt' with compressor 'zstd-trunc' (compressionLevel=5, truncBits=14)...
  Appended results to data/muon-zstdtrunc-sweep/results.jsonl
  Compressing branch 'lep_pt' with compressor 'zstd-trunc' (compressionLevel=5, truncBits=16)...
  Appended results to data/muon-zstdtrunc-sweep/results.jsonl
  Compressing branch 'lep_pt' with compressor 'zstd-trunc' (compressionLevel=5, truncBits=16)...
  Appended results to data/muon-zstdtrunc-sweep/results.jsonl
  Compressing branch 'lep_pt' with compressor 'zstd-trunc' (compressionLevel=5, truncBits=16)...
  Appended results to data/muon-zstdtrunc-sweep/results.jsonl
  Compressing branch 'lep_pt' with compressor 'zstd-trunc' (compressionLevel=5, truncBits=16)...
  Appended results to data/muon-zstdtrunc-sweep/results.jsonl
  Compressing branch 'lep_pt' with compressor 'zstd-trunc' (compressionLevel=5, truncBits=16)...
  Appended results to data/muon-zstdtrunc-sweep/results.jsonl
  Compressing branch 'lep_pt' with compressor 'zstd-trunc' (compressionLevel=5, truncBits=16)...
  Appended results to data/muon-zstdtrunc-sweep/results.jsonl
  Compressing branch 'lep_pt' with compressor 'zstd-trunc' (compressionLevel=5, truncBits=16)...
  Appended results to data/muon-zstdtrunc-sweep/results.jsonl
  Compressing branch 'lep_pt' with compressor 'zstd-trunc' (compressionLevel=5, truncBits=16)...
  Appended results to data/muon-zstdtrunc-sweep/results.jsonl
  Compressing branch 'lep_pt' with compressor 'zstd-trunc' (compressionLevel=5, truncBits=16)...
  Appended results to data/muon-zstdtrunc-sweep/results.jsonl
  Compressing branch 'lep_pt' with compressor 'zstd-trunc' (compressionLevel=5, truncBits=16)...
  Appended results to data/muon-zstdtrunc-sweep/results.jsonl
  Compressing branch 'lep_pt' with compressor 'zstd-trunc' (compressionLevel=5, truncBits=16)...
  Appended results to data/muon-zstdtrunc-sweep/results.jsonl
  Compressing branch 'lep_pt' with compressor 'zstd-trunc' (compressionLevel=5, truncBits=18)...
  Appended results to data/muon-zstdtrunc-sweep/results.jsonl
  Compressing branch 'lep_pt' with compressor 'zstd-trunc' (compressionLevel=5, truncBits=18)...
  Appended results to data/muon-zstdtrunc-sweep/results.jsonl
  Compressing branch 'lep_pt' with compressor 'zstd-trunc' (compressionLevel=5, truncBits=18)...
  Appended results to data/muon-zstdtrunc-sweep/results.jsonl
  Compressing branch 'lep_pt' with compressor 'zstd-trunc' (compressionLevel=5, truncBits=18)...
  Appended results to data/muon-zstdtrunc-sweep/results.jsonl
  Compressing branch 'lep_pt' with compressor 'zstd-trunc' (compressionLevel=5, truncBits=18)...
  Appended results to data/muon-zstdtrunc-sweep/results.jsonl
  Compressing branch 'lep_pt' with compressor 'zstd-trunc' (compressionLevel=5, truncBits=18)...
  Appended results to data/muon-zstdtrunc-sweep/results.jsonl
  Compressing branch 'lep_pt' with compressor 'zstd-trunc' (compressionLevel=5, truncBits=18)...
  Appended results to data/muon-zstdtrunc-sweep/results.jsonl
  Compressing branch 'lep_pt' with compressor 'zstd-trunc' (compressionLevel=5, truncBits=18)...
  Appended results to data/muon-zstdtrunc-sweep/results.jsonl
  Compressing branch 'lep_pt' with compressor 'zstd-trunc' (compressionLevel=5, truncBits=18)...
  Appended results to data/muon-zstdtrunc-sweep/results.jsonl
  Compressing branch 'lep_pt' with compressor 'zstd-trunc' (compressionLevel=5, truncBits=18)...
  Appended results to data/muon-zstdtrunc-sweep/results.jsonl
  Compressing branch 'lep_pt' with compressor 'zstd-trunc' (compressionLevel=5, truncBits=18)...
  Appended results to data/muon-zstdtrunc-sweep/results.jsonl
  Compressing branch 'lep_pt' with compressor 'zstd-trunc' (compressionLevel=5, truncBits=20)...
  Appended results to data/muon-zstdtrunc-sweep/results.jsonl
  Compressing branch 'lep_pt' with compressor 'zstd-trunc' (compressionLevel=5, truncBits=20)...
  Appended results to data/muon-zstdtrunc-sweep/results.jsonl
  Compressing branch 'lep_pt' with compressor 'zstd-trunc' (compressionLevel=5, truncBits=20)...
  Appended results to data/muon-zstdtrunc-sweep/results.jsonl
  Compressing branch 'lep_pt' with compressor 'zstd-trunc' (compressionLevel=5, truncBits=20)...
  Appended results to data/muon-zstdtrunc-sweep/results.jsonl
  Compressing branch 'lep_pt' with compressor 'zstd-trunc' (compressionLevel=5, truncBits=20)...
  Appended results to data/muon-zstdtrunc-sweep/results.jsonl
  Compressing branch 'lep_pt' with compressor 'zstd-trunc' (compressionLevel=5, truncBits=20)...
  Appended results to data/muon-zstdtrunc-sweep/results.jsonl
  Compressing branch 'lep_pt' with compressor 'zstd-trunc' (compressionLevel=5, truncBits=20)...
  Appended results to data/muon-zstdtrunc-sweep/results.jsonl
  Compressing branch 'lep_pt' with compressor 'zstd-trunc' (compressionLevel=5, truncBits=20)...
  Appended results to data/muon-zstdtrunc-sweep/results.jsonl
  Compressing branch 'lep_pt' with compressor 'zstd-trunc' (compressionLevel=5, truncBits=20)...
  Appended results to data/muon-zstdtrunc-sweep/results.jsonl
  Compressing branch 'lep_pt' with compressor 'zstd-trunc' (compressionLevel=5, truncBits=20)...
  Appended results to data/muon-zstdtrunc-sweep/results.jsonl
  Compressing branch 'lep_pt' with compressor 'zstd-trunc' (compressionLevel=5, truncBits=20)...
  Appended results to data/muon-zstdtrunc-sweep/results.jsonl
  Compressing branch 'lep_pt' with compressor 'zstd-trunc' (compressionLevel=5, truncBits=22)...
  Appended results to data/muon-zstdtrunc-sweep/results.jsonl
  Compressing branch 'lep_pt' with compressor 'zstd-trunc' (compressionLevel=5, truncBits=22)...
  Appended results to data/muon-zstdtrunc-sweep/results.jsonl
  Compressing branch 'lep_pt' with compressor 'zstd-trunc' (compressionLevel=5, truncBits=22)...
  Appended results to data/muon-zstdtrunc-sweep/results.jsonl
  Compressing branch 'lep_pt' with compressor 'zstd-trunc' (compressionLevel=5, truncBits=22)...
  Appended results to data/muon-zstdtrunc-sweep/results.jsonl
  Compressing branch 'lep_pt' with compressor 'zstd-trunc' (compressionLevel=5, truncBits=22)...
  Appended results to data/muon-zstdtrunc-sweep/results.jsonl
  Compressing branch 'lep_pt' with compressor 'zstd-trunc' (compressionLevel=5, truncBits=22)...
  Appended results to data/muon-zstdtrunc-sweep/results.jsonl
  Compressing branch 'lep_pt' with compressor 'zstd-trunc' (compressionLevel=5, truncBits=22)...
  Appended results to data/muon-zstdtrunc-sweep/results.jsonl
  Compressing branch 'lep_pt' with compressor 'zstd-trunc' (compressionLevel=5, truncBits=22)...
  Appended results to data/muon-zstdtrunc-sweep/results.jsonl
  Compressing branch 'lep_pt' with compressor 'zstd-trunc' (compressionLevel=5, truncBits=22)...
  Appended results to data/muon-zstdtrunc-sweep/results.jsonl
  Compressing branch 'lep_pt' with compressor 'zstd-trunc' (compressionLevel=5, truncBits=22)...
  Appended results to data/muon-zstdtrunc-sweep/results.jsonl
  Compressing branch 'lep_pt' with compressor 'zstd-trunc' (compressionLevel=5, truncBits=22)...
  Appended results to data/muon-zstdtrunc-sweep/results.jsonl
Reading data for branch 'lep_eta'...
  Compressing branch 'lep_eta' with compressor 'zstd-trunc' (compressionLevel=5, truncBits=2)...
  Appended results to data/muon-zstdtrunc-sweep/results.jsonl
  Compressing branch 'lep_eta' with compressor 'zstd-trunc' (compressionLevel=5, truncBits=2)...
  Appended results to data/muon-zstdtrunc-sweep/results.jsonl
  Compressing branch 'lep_eta' with compressor 'zstd-trunc' (compressionLevel=5, truncBits=2)...
  Appended results to data/muon-zstdtrunc-sweep/results.jsonl
  Compressing branch 'lep_eta' with compressor 'zstd-trunc' (compressionLevel=5, truncBits=2)...
  Appended results to data/muon-zstdtrunc-sweep/results.jsonl
  Compressing branch 'lep_eta' with compressor 'zstd-trunc' (compressionLevel=5, truncBits=2)...
  Appended results to data/muon-zstdtrunc-sweep/results.jsonl
  Compressing branch 'lep_eta' with compressor 'zstd-trunc' (compressionLevel=5, truncBits=2)...
  Appended results to data/muon-zstdtrunc-sweep/results.jsonl
  Compressing branch 'lep_eta' with compressor 'zstd-trunc' (compressionLevel=5, truncBits=2)...
  Appended results to data/muon-zstdtrunc-sweep/results.jsonl
  Compressing branch 'lep_eta' with compressor 'zstd-trunc' (compressionLevel=5, truncBits=2)...
  Appended results to data/muon-zstdtrunc-sweep/results.jsonl
  Compressing branch 'lep_eta' with compressor 'zstd-trunc' (compressionLevel=5, truncBits=2)...
  Appended results to data/muon-zstdtrunc-sweep/results.jsonl
  Compressing branch 'lep_eta' with compressor 'zstd-trunc' (compressionLevel=5, truncBits=2)...
  Appended results to data/muon-zstdtrunc-sweep/results.jsonl
  Compressing branch 'lep_eta' with compressor 'zstd-trunc' (compressionLevel=5, truncBits=2)...
  Appended results to data/muon-zstdtrunc-sweep/results.jsonl
  Compressing branch 'lep_eta' with compressor 'zstd-trunc' (compressionLevel=5, truncBits=4)...
  Appended results to data/muon-zstdtrunc-sweep/results.jsonl
  Compressing branch 'lep_eta' with compressor 'zstd-trunc' (compressionLevel=5, truncBits=4)...
  Appended results to data/muon-zstdtrunc-sweep/results.jsonl
  Compressing branch 'lep_eta' with compressor 'zstd-trunc' (compressionLevel=5, truncBits=4)...
  Appended results to data/muon-zstdtrunc-sweep/results.jsonl
  Compressing branch 'lep_eta' with compressor 'zstd-trunc' (compressionLevel=5, truncBits=4)...
  Appended results to data/muon-zstdtrunc-sweep/results.jsonl
  Compressing branch 'lep_eta' with compressor 'zstd-trunc' (compressionLevel=5, truncBits=4)...
  Appended results to data/muon-zstdtrunc-sweep/results.jsonl
  Compressing branch 'lep_eta' with compressor 'zstd-trunc' (compressionLevel=5, truncBits=4)...
  Appended results to data/muon-zstdtrunc-sweep/results.jsonl
  Compressing branch 'lep_eta' with compressor 'zstd-trunc' (compressionLevel=5, truncBits=4)...
  Appended results to data/muon-zstdtrunc-sweep/results.jsonl
  Compressing branch 'lep_eta' with compressor 'zstd-trunc' (compressionLevel=5, truncBits=4)...
  Appended results to data/muon-zstdtrunc-sweep/results.jsonl
  Compressing branch 'lep_eta' with compressor 'zstd-trunc' (compressionLevel=5, truncBits=4)...
  Appended results to data/muon-zstdtrunc-sweep/results.jsonl
  Compressing branch 'lep_eta' with compressor 'zstd-trunc' (compressionLevel=5, truncBits=4)...
  Appended results to data/muon-zstdtrunc-sweep/results.jsonl
  Compressing branch 'lep_eta' with compressor 'zstd-trunc' (compressionLevel=5, truncBits=4)...
  Appended results to data/muon-zstdtrunc-sweep/results.jsonl
  Compressing branch 'lep_eta' with compressor 'zstd-trunc' (compressionLevel=5, truncBits=8)...
  Appended results to data/muon-zstdtrunc-sweep/results.jsonl
  Compressing branch 'lep_eta' with compressor 'zstd-trunc' (compressionLevel=5, truncBits=8)...
  Appended results to data/muon-zstdtrunc-sweep/results.jsonl
  Compressing branch 'lep_eta' with compressor 'zstd-trunc' (compressionLevel=5, truncBits=8)...
  Appended results to data/muon-zstdtrunc-sweep/results.jsonl
  Compressing branch 'lep_eta' with compressor 'zstd-trunc' (compressionLevel=5, truncBits=8)...
  Appended results to data/muon-zstdtrunc-sweep/results.jsonl
  Compressing branch 'lep_eta' with compressor 'zstd-trunc' (compressionLevel=5, truncBits=8)...
  Appended results to data/muon-zstdtrunc-sweep/results.jsonl
  Compressing branch 'lep_eta' with compressor 'zstd-trunc' (compressionLevel=5, truncBits=8)...
  Appended results to data/muon-zstdtrunc-sweep/results.jsonl
  Compressing branch 'lep_eta' with compressor 'zstd-trunc' (compressionLevel=5, truncBits=8)...
  Appended results to data/muon-zstdtrunc-sweep/results.jsonl
  Compressing branch 'lep_eta' with compressor 'zstd-trunc' (compressionLevel=5, truncBits=8)...
  Appended results to data/muon-zstdtrunc-sweep/results.jsonl
  Compressing branch 'lep_eta' with compressor 'zstd-trunc' (compressionLevel=5, truncBits=8)...
  Appended results to data/muon-zstdtrunc-sweep/results.jsonl
  Compressing branch 'lep_eta' with compressor 'zstd-trunc' (compressionLevel=5, truncBits=8)...
  Appended results to data/muon-zstdtrunc-sweep/results.jsonl
  Compressing branch 'lep_eta' with compressor 'zstd-trunc' (compressionLevel=5, truncBits=8)...
  Appended results to data/muon-zstdtrunc-sweep/results.jsonl
  Compressing branch 'lep_eta' with compressor 'zstd-trunc' (compressionLevel=5, truncBits=10)...
  Appended results to data/muon-zstdtrunc-sweep/results.jsonl
  Compressing branch 'lep_eta' with compressor 'zstd-trunc' (compressionLevel=5, truncBits=10)...
  Appended results to data/muon-zstdtrunc-sweep/results.jsonl
  Compressing branch 'lep_eta' with compressor 'zstd-trunc' (compressionLevel=5, truncBits=10)...
  Appended results to data/muon-zstdtrunc-sweep/results.jsonl
  Compressing branch 'lep_eta' with compressor 'zstd-trunc' (compressionLevel=5, truncBits=10)...
  Appended results to data/muon-zstdtrunc-sweep/results.jsonl
  Compressing branch 'lep_eta' with compressor 'zstd-trunc' (compressionLevel=5, truncBits=10)...
  Appended results to data/muon-zstdtrunc-sweep/results.jsonl
  Compressing branch 'lep_eta' with compressor 'zstd-trunc' (compressionLevel=5, truncBits=10)...
  Appended results to data/muon-zstdtrunc-sweep/results.jsonl
  Compressing branch 'lep_eta' with compressor 'zstd-trunc' (compressionLevel=5, truncBits=10)...
  Appended results to data/muon-zstdtrunc-sweep/results.jsonl
  Compressing branch 'lep_eta' with compressor 'zstd-trunc' (compressionLevel=5, truncBits=10)...
  Appended results to data/muon-zstdtrunc-sweep/results.jsonl
  Compressing branch 'lep_eta' with compressor 'zstd-trunc' (compressionLevel=5, truncBits=10)...
  Appended results to data/muon-zstdtrunc-sweep/results.jsonl
  Compressing branch 'lep_eta' with compressor 'zstd-trunc' (compressionLevel=5, truncBits=10)...
  Appended results to data/muon-zstdtrunc-sweep/results.jsonl
  Compressing branch 'lep_eta' with compressor 'zstd-trunc' (compressionLevel=5, truncBits=10)...
  Appended results to data/muon-zstdtrunc-sweep/results.jsonl
  Compressing branch 'lep_eta' with compressor 'zstd-trunc' (compressionLevel=5, truncBits=12)...
  Appended results to data/muon-zstdtrunc-sweep/results.jsonl
  Compressing branch 'lep_eta' with compressor 'zstd-trunc' (compressionLevel=5, truncBits=12)...
  Appended results to data/muon-zstdtrunc-sweep/results.jsonl
  Compressing branch 'lep_eta' with compressor 'zstd-trunc' (compressionLevel=5, truncBits=12)...
  Appended results to data/muon-zstdtrunc-sweep/results.jsonl
  Compressing branch 'lep_eta' with compressor 'zstd-trunc' (compressionLevel=5, truncBits=12)...
  Appended results to data/muon-zstdtrunc-sweep/results.jsonl
  Compressing branch 'lep_eta' with compressor 'zstd-trunc' (compressionLevel=5, truncBits=12)...
  Appended results to data/muon-zstdtrunc-sweep/results.jsonl
  Compressing branch 'lep_eta' with compressor 'zstd-trunc' (compressionLevel=5, truncBits=12)...
  Appended results to data/muon-zstdtrunc-sweep/results.jsonl
  Compressing branch 'lep_eta' with compressor 'zstd-trunc' (compressionLevel=5, truncBits=12)...
  Appended results to data/muon-zstdtrunc-sweep/results.jsonl
  Compressing branch 'lep_eta' with compressor 'zstd-trunc' (compressionLevel=5, truncBits=12)...
  Appended results to data/muon-zstdtrunc-sweep/results.jsonl
  Compressing branch 'lep_eta' with compressor 'zstd-trunc' (compressionLevel=5, truncBits=12)...
  Appended results to data/muon-zstdtrunc-sweep/results.jsonl
  Compressing branch 'lep_eta' with compressor 'zstd-trunc' (compressionLevel=5, truncBits=12)...
  Appended results to data/muon-zstdtrunc-sweep/results.jsonl
  Compressing branch 'lep_eta' with compressor 'zstd-trunc' (compressionLevel=5, truncBits=12)...
  Appended results to data/muon-zstdtrunc-sweep/results.jsonl
  Compressing branch 'lep_eta' with compressor 'zstd-trunc' (compressionLevel=5, truncBits=14)...
  Appended results to data/muon-zstdtrunc-sweep/results.jsonl
  Compressing branch 'lep_eta' with compressor 'zstd-trunc' (compressionLevel=5, truncBits=14)...
  Appended results to data/muon-zstdtrunc-sweep/results.jsonl
  Compressing branch 'lep_eta' with compressor 'zstd-trunc' (compressionLevel=5, truncBits=14)...
  Appended results to data/muon-zstdtrunc-sweep/results.jsonl
  Compressing branch 'lep_eta' with compressor 'zstd-trunc' (compressionLevel=5, truncBits=14)...
  Appended results to data/muon-zstdtrunc-sweep/results.jsonl
  Compressing branch 'lep_eta' with compressor 'zstd-trunc' (compressionLevel=5, truncBits=14)...
  Appended results to data/muon-zstdtrunc-sweep/results.jsonl
  Compressing branch 'lep_eta' with compressor 'zstd-trunc' (compressionLevel=5, truncBits=14)...
  Appended results to data/muon-zstdtrunc-sweep/results.jsonl
  Compressing branch 'lep_eta' with compressor 'zstd-trunc' (compressionLevel=5, truncBits=14)...
  Appended results to data/muon-zstdtrunc-sweep/results.jsonl
  Compressing branch 'lep_eta' with compressor 'zstd-trunc' (compressionLevel=5, truncBits=14)...
  Appended results to data/muon-zstdtrunc-sweep/results.jsonl
  Compressing branch 'lep_eta' with compressor 'zstd-trunc' (compressionLevel=5, truncBits=14)...
  Appended results to data/muon-zstdtrunc-sweep/results.jsonl
  Compressing branch 'lep_eta' with compressor 'zstd-trunc' (compressionLevel=5, truncBits=14)...
  Appended results to data/muon-zstdtrunc-sweep/results.jsonl
  Compressing branch 'lep_eta' with compressor 'zstd-trunc' (compressionLevel=5, truncBits=14)...
  Appended results to data/muon-zstdtrunc-sweep/results.jsonl
  Compressing branch 'lep_eta' with compressor 'zstd-trunc' (compressionLevel=5, truncBits=16)...
  Appended results to data/muon-zstdtrunc-sweep/results.jsonl
  Compressing branch 'lep_eta' with compressor 'zstd-trunc' (compressionLevel=5, truncBits=16)...
  Appended results to data/muon-zstdtrunc-sweep/results.jsonl
  Compressing branch 'lep_eta' with compressor 'zstd-trunc' (compressionLevel=5, truncBits=16)...
  Appended results to data/muon-zstdtrunc-sweep/results.jsonl
  Compressing branch 'lep_eta' with compressor 'zstd-trunc' (compressionLevel=5, truncBits=16)...
  Appended results to data/muon-zstdtrunc-sweep/results.jsonl
  Compressing branch 'lep_eta' with compressor 'zstd-trunc' (compressionLevel=5, truncBits=16)...
  Appended results to data/muon-zstdtrunc-sweep/results.jsonl
  Compressing branch 'lep_eta' with compressor 'zstd-trunc' (compressionLevel=5, truncBits=16)...
  Appended results to data/muon-zstdtrunc-sweep/results.jsonl
  Compressing branch 'lep_eta' with compressor 'zstd-trunc' (compressionLevel=5, truncBits=16)...
  Appended results to data/muon-zstdtrunc-sweep/results.jsonl
  Compressing branch 'lep_eta' with compressor 'zstd-trunc' (compressionLevel=5, truncBits=16)...
  Appended results to data/muon-zstdtrunc-sweep/results.jsonl
  Compressing branch 'lep_eta' with compressor 'zstd-trunc' (compressionLevel=5, truncBits=16)...
  Appended results to data/muon-zstdtrunc-sweep/results.jsonl
  Compressing branch 'lep_eta' with compressor 'zstd-trunc' (compressionLevel=5, truncBits=16)...
  Appended results to data/muon-zstdtrunc-sweep/results.jsonl
  Compressing branch 'lep_eta' with compressor 'zstd-trunc' (compressionLevel=5, truncBits=16)...
  Appended results to data/muon-zstdtrunc-sweep/results.jsonl
  Compressing branch 'lep_eta' with compressor 'zstd-trunc' (compressionLevel=5, truncBits=18)...
  Appended results to data/muon-zstdtrunc-sweep/results.jsonl
  Compressing branch 'lep_eta' with compressor 'zstd-trunc' (compressionLevel=5, truncBits=18)...
  Appended results to data/muon-zstdtrunc-sweep/results.jsonl
  Compressing branch 'lep_eta' with compressor 'zstd-trunc' (compressionLevel=5, truncBits=18)...
  Appended results to data/muon-zstdtrunc-sweep/results.jsonl
  Compressing branch 'lep_eta' with compressor 'zstd-trunc' (compressionLevel=5, truncBits=18)...
  Appended results to data/muon-zstdtrunc-sweep/results.jsonl
  Compressing branch 'lep_eta' with compressor 'zstd-trunc' (compressionLevel=5, truncBits=18)...
  Appended results to data/muon-zstdtrunc-sweep/results.jsonl
  Compressing branch 'lep_eta' with compressor 'zstd-trunc' (compressionLevel=5, truncBits=18)...
  Appended results to data/muon-zstdtrunc-sweep/results.jsonl
  Compressing branch 'lep_eta' with compressor 'zstd-trunc' (compressionLevel=5, truncBits=18)...
  Appended results to data/muon-zstdtrunc-sweep/results.jsonl
  Compressing branch 'lep_eta' with compressor 'zstd-trunc' (compressionLevel=5, truncBits=18)...
  Appended results to data/muon-zstdtrunc-sweep/results.jsonl
  Compressing branch 'lep_eta' with compressor 'zstd-trunc' (compressionLevel=5, truncBits=18)...
  Appended results to data/muon-zstdtrunc-sweep/results.jsonl
  Compressing branch 'lep_eta' with compressor 'zstd-trunc' (compressionLevel=5, truncBits=18)...
  Appended results to data/muon-zstdtrunc-sweep/results.jsonl
  Compressing branch 'lep_eta' with compressor 'zstd-trunc' (compressionLevel=5, truncBits=18)...
  Appended results to data/muon-zstdtrunc-sweep/results.jsonl
  Compressing branch 'lep_eta' with compressor 'zstd-trunc' (compressionLevel=5, truncBits=20)...
  Appended results to data/muon-zstdtrunc-sweep/results.jsonl
  Compressing branch 'lep_eta' with compressor 'zstd-trunc' (compressionLevel=5, truncBits=20)...
  Appended results to data/muon-zstdtrunc-sweep/results.jsonl
  Compressing branch 'lep_eta' with compressor 'zstd-trunc' (compressionLevel=5, truncBits=20)...
  Appended results to data/muon-zstdtrunc-sweep/results.jsonl
  Compressing branch 'lep_eta' with compressor 'zstd-trunc' (compressionLevel=5, truncBits=20)...
  Appended results to data/muon-zstdtrunc-sweep/results.jsonl
  Compressing branch 'lep_eta' with compressor 'zstd-trunc' (compressionLevel=5, truncBits=20)...
  Appended results to data/muon-zstdtrunc-sweep/results.jsonl
  Compressing branch 'lep_eta' with compressor 'zstd-trunc' (compressionLevel=5, truncBits=20)...
  Appended results to data/muon-zstdtrunc-sweep/results.jsonl
  Compressing branch 'lep_eta' with compressor 'zstd-trunc' (compressionLevel=5, truncBits=20)...
  Appended results to data/muon-zstdtrunc-sweep/results.jsonl
  Compressing branch 'lep_eta' with compressor 'zstd-trunc' (compressionLevel=5, truncBits=20)...
  Appended results to data/muon-zstdtrunc-sweep/results.jsonl
  Compressing branch 'lep_eta' with compressor 'zstd-trunc' (compressionLevel=5, truncBits=20)...
  Appended results to data/muon-zstdtrunc-sweep/results.jsonl
  Compressing branch 'lep_eta' with compressor 'zstd-trunc' (compressionLevel=5, truncBits=20)...
  Appended results to data/muon-zstdtrunc-sweep/results.jsonl
  Compressing branch 'lep_eta' with compressor 'zstd-trunc' (compressionLevel=5, truncBits=20)...
  Appended results to data/muon-zstdtrunc-sweep/results.jsonl
  Compressing branch 'lep_eta' with compressor 'zstd-trunc' (compressionLevel=5, truncBits=22)...
  Appended results to data/muon-zstdtrunc-sweep/results.jsonl
  Compressing branch 'lep_eta' with compressor 'zstd-trunc' (compressionLevel=5, truncBits=22)...
  Appended results to data/muon-zstdtrunc-sweep/results.jsonl
  Compressing branch 'lep_eta' with compressor 'zstd-trunc' (compressionLevel=5, truncBits=22)...
  Appended results to data/muon-zstdtrunc-sweep/results.jsonl
  Compressing branch 'lep_eta' with compressor 'zstd-trunc' (compressionLevel=5, truncBits=22)...
  Appended results to data/muon-zstdtrunc-sweep/results.jsonl
  Compressing branch 'lep_eta' with compressor 'zstd-trunc' (compressionLevel=5, truncBits=22)...
  Appended results to data/muon-zstdtrunc-sweep/results.jsonl
  Compressing branch 'lep_eta' with compressor 'zstd-trunc' (compressionLevel=5, truncBits=22)...
  Appended results to data/muon-zstdtrunc-sweep/results.jsonl
  Compressing branch 'lep_eta' with compressor 'zstd-trunc' (compressionLevel=5, truncBits=22)...
  Appended results to data/muon-zstdtrunc-sweep/results.jsonl
  Compressing branch 'lep_eta' with compressor 'zstd-trunc' (compressionLevel=5, truncBits=22)...
  Appended results to data/muon-zstdtrunc-sweep/results.jsonl
  Compressing branch 'lep_eta' with compressor 'zstd-trunc' (compressionLevel=5, truncBits=22)...
  Appended results to data/muon-zstdtrunc-sweep/results.jsonl
  Compressing branch 'lep_eta' with compressor 'zstd-trunc' (compressionLevel=5, truncBits=22)...
  Appended results to data/muon-zstdtrunc-sweep/results.jsonl
  Compressing branch 'lep_eta' with compressor 'zstd-trunc' (compressionLevel=5, truncBits=22)...
  Appended results to data/muon-zstdtrunc-sweep/results.jsonl
Reading data for branch 'lep_phi'...
  Compressing branch 'lep_phi' with compressor 'zstd-trunc' (compressionLevel=5, truncBits=2)...
  Appended results to data/muon-zstdtrunc-sweep/results.jsonl
  Compressing branch 'lep_phi' with compressor 'zstd-trunc' (compressionLevel=5, truncBits=2)...
  Appended results to data/muon-zstdtrunc-sweep/results.jsonl
  Compressing branch 'lep_phi' with compressor 'zstd-trunc' (compressionLevel=5, truncBits=2)...
  Appended results to data/muon-zstdtrunc-sweep/results.jsonl
  Compressing branch 'lep_phi' with compressor 'zstd-trunc' (compressionLevel=5, truncBits=2)...
  Appended results to data/muon-zstdtrunc-sweep/results.jsonl
  Compressing branch 'lep_phi' with compressor 'zstd-trunc' (compressionLevel=5, truncBits=2)...
  Appended results to data/muon-zstdtrunc-sweep/results.jsonl
  Compressing branch 'lep_phi' with compressor 'zstd-trunc' (compressionLevel=5, truncBits=2)...
  Appended results to data/muon-zstdtrunc-sweep/results.jsonl
  Compressing branch 'lep_phi' with compressor 'zstd-trunc' (compressionLevel=5, truncBits=2)...
  Appended results to data/muon-zstdtrunc-sweep/results.jsonl
  Compressing branch 'lep_phi' with compressor 'zstd-trunc' (compressionLevel=5, truncBits=2)...
  Appended results to data/muon-zstdtrunc-sweep/results.jsonl
  Compressing branch 'lep_phi' with compressor 'zstd-trunc' (compressionLevel=5, truncBits=2)...
  Appended results to data/muon-zstdtrunc-sweep/results.jsonl
  Compressing branch 'lep_phi' with compressor 'zstd-trunc' (compressionLevel=5, truncBits=2)...
  Appended results to data/muon-zstdtrunc-sweep/results.jsonl
  Compressing branch 'lep_phi' with compressor 'zstd-trunc' (compressionLevel=5, truncBits=2)...
  Appended results to data/muon-zstdtrunc-sweep/results.jsonl
  Compressing branch 'lep_phi' with compressor 'zstd-trunc' (compressionLevel=5, truncBits=4)...
  Appended results to data/muon-zstdtrunc-sweep/results.jsonl
  Compressing branch 'lep_phi' with compressor 'zstd-trunc' (compressionLevel=5, truncBits=4)...
  Appended results to data/muon-zstdtrunc-sweep/results.jsonl
  Compressing branch 'lep_phi' with compressor 'zstd-trunc' (compressionLevel=5, truncBits=4)...
  Appended results to data/muon-zstdtrunc-sweep/results.jsonl
  Compressing branch 'lep_phi' with compressor 'zstd-trunc' (compressionLevel=5, truncBits=4)...
  Appended results to data/muon-zstdtrunc-sweep/results.jsonl
  Compressing branch 'lep_phi' with compressor 'zstd-trunc' (compressionLevel=5, truncBits=4)...
  Appended results to data/muon-zstdtrunc-sweep/results.jsonl
  Compressing branch 'lep_phi' with compressor 'zstd-trunc' (compressionLevel=5, truncBits=4)...
  Appended results to data/muon-zstdtrunc-sweep/results.jsonl
  Compressing branch 'lep_phi' with compressor 'zstd-trunc' (compressionLevel=5, truncBits=4)...
  Appended results to data/muon-zstdtrunc-sweep/results.jsonl
  Compressing branch 'lep_phi' with compressor 'zstd-trunc' (compressionLevel=5, truncBits=4)...
  Appended results to data/muon-zstdtrunc-sweep/results.jsonl
  Compressing branch 'lep_phi' with compressor 'zstd-trunc' (compressionLevel=5, truncBits=4)...
  Appended results to data/muon-zstdtrunc-sweep/results.jsonl
  Compressing branch 'lep_phi' with compressor 'zstd-trunc' (compressionLevel=5, truncBits=4)...
  Appended results to data/muon-zstdtrunc-sweep/results.jsonl
  Compressing branch 'lep_phi' with compressor 'zstd-trunc' (compressionLevel=5, truncBits=4)...
  Appended results to data/muon-zstdtrunc-sweep/results.jsonl
  Compressing branch 'lep_phi' with compressor 'zstd-trunc' (compressionLevel=5, truncBits=8)...
  Appended results to data/muon-zstdtrunc-sweep/results.jsonl
  Compressing branch 'lep_phi' with compressor 'zstd-trunc' (compressionLevel=5, truncBits=8)...
  Appended results to data/muon-zstdtrunc-sweep/results.jsonl
  Compressing branch 'lep_phi' with compressor 'zstd-trunc' (compressionLevel=5, truncBits=8)...
  Appended results to data/muon-zstdtrunc-sweep/results.jsonl
  Compressing branch 'lep_phi' with compressor 'zstd-trunc' (compressionLevel=5, truncBits=8)...
  Appended results to data/muon-zstdtrunc-sweep/results.jsonl
  Compressing branch 'lep_phi' with compressor 'zstd-trunc' (compressionLevel=5, truncBits=8)...
  Appended results to data/muon-zstdtrunc-sweep/results.jsonl
  Compressing branch 'lep_phi' with compressor 'zstd-trunc' (compressionLevel=5, truncBits=8)...
  Appended results to data/muon-zstdtrunc-sweep/results.jsonl
  Compressing branch 'lep_phi' with compressor 'zstd-trunc' (compressionLevel=5, truncBits=8)...
  Appended results to data/muon-zstdtrunc-sweep/results.jsonl
  Compressing branch 'lep_phi' with compressor 'zstd-trunc' (compressionLevel=5, truncBits=8)...
  Appended results to data/muon-zstdtrunc-sweep/results.jsonl
  Compressing branch 'lep_phi' with compressor 'zstd-trunc' (compressionLevel=5, truncBits=8)...
  Appended results to data/muon-zstdtrunc-sweep/results.jsonl
  Compressing branch 'lep_phi' with compressor 'zstd-trunc' (compressionLevel=5, truncBits=8)...
  Appended results to data/muon-zstdtrunc-sweep/results.jsonl
  Compressing branch 'lep_phi' with compressor 'zstd-trunc' (compressionLevel=5, truncBits=8)...
  Appended results to data/muon-zstdtrunc-sweep/results.jsonl
  Compressing branch 'lep_phi' with compressor 'zstd-trunc' (compressionLevel=5, truncBits=10)...
  Appended results to data/muon-zstdtrunc-sweep/results.jsonl
  Compressing branch 'lep_phi' with compressor 'zstd-trunc' (compressionLevel=5, truncBits=10)...
  Appended results to data/muon-zstdtrunc-sweep/results.jsonl
  Compressing branch 'lep_phi' with compressor 'zstd-trunc' (compressionLevel=5, truncBits=10)...
  Appended results to data/muon-zstdtrunc-sweep/results.jsonl
  Compressing branch 'lep_phi' with compressor 'zstd-trunc' (compressionLevel=5, truncBits=10)...
  Appended results to data/muon-zstdtrunc-sweep/results.jsonl
  Compressing branch 'lep_phi' with compressor 'zstd-trunc' (compressionLevel=5, truncBits=10)...
  Appended results to data/muon-zstdtrunc-sweep/results.jsonl
  Compressing branch 'lep_phi' with compressor 'zstd-trunc' (compressionLevel=5, truncBits=10)...
  Appended results to data/muon-zstdtrunc-sweep/results.jsonl
  Compressing branch 'lep_phi' with compressor 'zstd-trunc' (compressionLevel=5, truncBits=10)...
  Appended results to data/muon-zstdtrunc-sweep/results.jsonl
  Compressing branch 'lep_phi' with compressor 'zstd-trunc' (compressionLevel=5, truncBits=10)...
  Appended results to data/muon-zstdtrunc-sweep/results.jsonl
  Compressing branch 'lep_phi' with compressor 'zstd-trunc' (compressionLevel=5, truncBits=10)...
  Appended results to data/muon-zstdtrunc-sweep/results.jsonl
  Compressing branch 'lep_phi' with compressor 'zstd-trunc' (compressionLevel=5, truncBits=10)...
  Appended results to data/muon-zstdtrunc-sweep/results.jsonl
  Compressing branch 'lep_phi' with compressor 'zstd-trunc' (compressionLevel=5, truncBits=10)...
  Appended results to data/muon-zstdtrunc-sweep/results.jsonl
  Compressing branch 'lep_phi' with compressor 'zstd-trunc' (compressionLevel=5, truncBits=12)...
  Appended results to data/muon-zstdtrunc-sweep/results.jsonl
  Compressing branch 'lep_phi' with compressor 'zstd-trunc' (compressionLevel=5, truncBits=12)...
  Appended results to data/muon-zstdtrunc-sweep/results.jsonl
  Compressing branch 'lep_phi' with compressor 'zstd-trunc' (compressionLevel=5, truncBits=12)...
  Appended results to data/muon-zstdtrunc-sweep/results.jsonl
  Compressing branch 'lep_phi' with compressor 'zstd-trunc' (compressionLevel=5, truncBits=12)...
  Appended results to data/muon-zstdtrunc-sweep/results.jsonl
  Compressing branch 'lep_phi' with compressor 'zstd-trunc' (compressionLevel=5, truncBits=12)...
  Appended results to data/muon-zstdtrunc-sweep/results.jsonl
  Compressing branch 'lep_phi' with compressor 'zstd-trunc' (compressionLevel=5, truncBits=12)...
  Appended results to data/muon-zstdtrunc-sweep/results.jsonl
  Compressing branch 'lep_phi' with compressor 'zstd-trunc' (compressionLevel=5, truncBits=12)...
  Appended results to data/muon-zstdtrunc-sweep/results.jsonl
  Compressing branch 'lep_phi' with compressor 'zstd-trunc' (compressionLevel=5, truncBits=12)...
  Appended results to data/muon-zstdtrunc-sweep/results.jsonl
  Compressing branch 'lep_phi' with compressor 'zstd-trunc' (compressionLevel=5, truncBits=12)...
  Appended results to data/muon-zstdtrunc-sweep/results.jsonl
  Compressing branch 'lep_phi' with compressor 'zstd-trunc' (compressionLevel=5, truncBits=12)...
  Appended results to data/muon-zstdtrunc-sweep/results.jsonl
  Compressing branch 'lep_phi' with compressor 'zstd-trunc' (compressionLevel=5, truncBits=12)...
  Appended results to data/muon-zstdtrunc-sweep/results.jsonl
  Compressing branch 'lep_phi' with compressor 'zstd-trunc' (compressionLevel=5, truncBits=14)...
  Appended results to data/muon-zstdtrunc-sweep/results.jsonl
  Compressing branch 'lep_phi' with compressor 'zstd-trunc' (compressionLevel=5, truncBits=14)...
  Appended results to data/muon-zstdtrunc-sweep/results.jsonl
  Compressing branch 'lep_phi' with compressor 'zstd-trunc' (compressionLevel=5, truncBits=14)...
  Appended results to data/muon-zstdtrunc-sweep/results.jsonl
  Compressing branch 'lep_phi' with compressor 'zstd-trunc' (compressionLevel=5, truncBits=14)...
  Appended results to data/muon-zstdtrunc-sweep/results.jsonl
  Compressing branch 'lep_phi' with compressor 'zstd-trunc' (compressionLevel=5, truncBits=14)...
  Appended results to data/muon-zstdtrunc-sweep/results.jsonl
  Compressing branch 'lep_phi' with compressor 'zstd-trunc' (compressionLevel=5, truncBits=14)...
  Appended results to data/muon-zstdtrunc-sweep/results.jsonl
  Compressing branch 'lep_phi' with compressor 'zstd-trunc' (compressionLevel=5, truncBits=14)...
  Appended results to data/muon-zstdtrunc-sweep/results.jsonl
  Compressing branch 'lep_phi' with compressor 'zstd-trunc' (compressionLevel=5, truncBits=14)...
  Appended results to data/muon-zstdtrunc-sweep/results.jsonl
  Compressing branch 'lep_phi' with compressor 'zstd-trunc' (compressionLevel=5, truncBits=14)...
  Appended results to data/muon-zstdtrunc-sweep/results.jsonl
  Compressing branch 'lep_phi' with compressor 'zstd-trunc' (compressionLevel=5, truncBits=14)...
  Appended results to data/muon-zstdtrunc-sweep/results.jsonl
  Compressing branch 'lep_phi' with compressor 'zstd-trunc' (compressionLevel=5, truncBits=14)...
  Appended results to data/muon-zstdtrunc-sweep/results.jsonl
  Compressing branch 'lep_phi' with compressor 'zstd-trunc' (compressionLevel=5, truncBits=16)...
  Appended results to data/muon-zstdtrunc-sweep/results.jsonl
  Compressing branch 'lep_phi' with compressor 'zstd-trunc' (compressionLevel=5, truncBits=16)...
  Appended results to data/muon-zstdtrunc-sweep/results.jsonl
  Compressing branch 'lep_phi' with compressor 'zstd-trunc' (compressionLevel=5, truncBits=16)...
  Appended results to data/muon-zstdtrunc-sweep/results.jsonl
  Compressing branch 'lep_phi' with compressor 'zstd-trunc' (compressionLevel=5, truncBits=16)...
  Appended results to data/muon-zstdtrunc-sweep/results.jsonl
  Compressing branch 'lep_phi' with compressor 'zstd-trunc' (compressionLevel=5, truncBits=16)...
  Appended results to data/muon-zstdtrunc-sweep/results.jsonl
  Compressing branch 'lep_phi' with compressor 'zstd-trunc' (compressionLevel=5, truncBits=16)...
  Appended results to data/muon-zstdtrunc-sweep/results.jsonl
  Compressing branch 'lep_phi' with compressor 'zstd-trunc' (compressionLevel=5, truncBits=16)...
  Appended results to data/muon-zstdtrunc-sweep/results.jsonl
  Compressing branch 'lep_phi' with compressor 'zstd-trunc' (compressionLevel=5, truncBits=16)...
  Appended results to data/muon-zstdtrunc-sweep/results.jsonl
  Compressing branch 'lep_phi' with compressor 'zstd-trunc' (compressionLevel=5, truncBits=16)...
  Appended results to data/muon-zstdtrunc-sweep/results.jsonl
  Compressing branch 'lep_phi' with compressor 'zstd-trunc' (compressionLevel=5, truncBits=16)...
  Appended results to data/muon-zstdtrunc-sweep/results.jsonl
  Compressing branch 'lep_phi' with compressor 'zstd-trunc' (compressionLevel=5, truncBits=16)...
  Appended results to data/muon-zstdtrunc-sweep/results.jsonl
  Compressing branch 'lep_phi' with compressor 'zstd-trunc' (compressionLevel=5, truncBits=18)...
  Appended results to data/muon-zstdtrunc-sweep/results.jsonl
  Compressing branch 'lep_phi' with compressor 'zstd-trunc' (compressionLevel=5, truncBits=18)...
  Appended results to data/muon-zstdtrunc-sweep/results.jsonl
  Compressing branch 'lep_phi' with compressor 'zstd-trunc' (compressionLevel=5, truncBits=18)...
  Appended results to data/muon-zstdtrunc-sweep/results.jsonl
  Compressing branch 'lep_phi' with compressor 'zstd-trunc' (compressionLevel=5, truncBits=18)...
  Appended results to data/muon-zstdtrunc-sweep/results.jsonl
  Compressing branch 'lep_phi' with compressor 'zstd-trunc' (compressionLevel=5, truncBits=18)...
  Appended results to data/muon-zstdtrunc-sweep/results.jsonl
  Compressing branch 'lep_phi' with compressor 'zstd-trunc' (compressionLevel=5, truncBits=18)...
  Appended results to data/muon-zstdtrunc-sweep/results.jsonl
  Compressing branch 'lep_phi' with compressor 'zstd-trunc' (compressionLevel=5, truncBits=18)...
  Appended results to data/muon-zstdtrunc-sweep/results.jsonl
  Compressing branch 'lep_phi' with compressor 'zstd-trunc' (compressionLevel=5, truncBits=18)...
  Appended results to data/muon-zstdtrunc-sweep/results.jsonl
  Compressing branch 'lep_phi' with compressor 'zstd-trunc' (compressionLevel=5, truncBits=18)...
  Appended results to data/muon-zstdtrunc-sweep/results.jsonl
  Compressing branch 'lep_phi' with compressor 'zstd-trunc' (compressionLevel=5, truncBits=18)...
  Appended results to data/muon-zstdtrunc-sweep/results.jsonl
  Compressing branch 'lep_phi' with compressor 'zstd-trunc' (compressionLevel=5, truncBits=18)...
  Appended results to data/muon-zstdtrunc-sweep/results.jsonl
  Compressing branch 'lep_phi' with compressor 'zstd-trunc' (compressionLevel=5, truncBits=20)...
  Appended results to data/muon-zstdtrunc-sweep/results.jsonl
  Compressing branch 'lep_phi' with compressor 'zstd-trunc' (compressionLevel=5, truncBits=20)...
  Appended results to data/muon-zstdtrunc-sweep/results.jsonl
  Compressing branch 'lep_phi' with compressor 'zstd-trunc' (compressionLevel=5, truncBits=20)...
  Appended results to data/muon-zstdtrunc-sweep/results.jsonl
  Compressing branch 'lep_phi' with compressor 'zstd-trunc' (compressionLevel=5, truncBits=20)...
  Appended results to data/muon-zstdtrunc-sweep/results.jsonl
  Compressing branch 'lep_phi' with compressor 'zstd-trunc' (compressionLevel=5, truncBits=20)...
  Appended results to data/muon-zstdtrunc-sweep/results.jsonl
  Compressing branch 'lep_phi' with compressor 'zstd-trunc' (compressionLevel=5, truncBits=20)...
  Appended results to data/muon-zstdtrunc-sweep/results.jsonl
  Compressing branch 'lep_phi' with compressor 'zstd-trunc' (compressionLevel=5, truncBits=20)...
  Appended results to data/muon-zstdtrunc-sweep/results.jsonl
  Compressing branch 'lep_phi' with compressor 'zstd-trunc' (compressionLevel=5, truncBits=20)...
  Appended results to data/muon-zstdtrunc-sweep/results.jsonl
  Compressing branch 'lep_phi' with compressor 'zstd-trunc' (compressionLevel=5, truncBits=20)...
  Appended results to data/muon-zstdtrunc-sweep/results.jsonl
  Compressing branch 'lep_phi' with compressor 'zstd-trunc' (compressionLevel=5, truncBits=20)...
  Appended results to data/muon-zstdtrunc-sweep/results.jsonl
  Compressing branch 'lep_phi' with compressor 'zstd-trunc' (compressionLevel=5, truncBits=20)...
  Appended results to data/muon-zstdtrunc-sweep/results.jsonl
  Compressing branch 'lep_phi' with compressor 'zstd-trunc' (compressionLevel=5, truncBits=22)...
  Appended results to data/muon-zstdtrunc-sweep/results.jsonl
  Compressing branch 'lep_phi' with compressor 'zstd-trunc' (compressionLevel=5, truncBits=22)...
  Appended results to data/muon-zstdtrunc-sweep/results.jsonl
  Compressing branch 'lep_phi' with compressor 'zstd-trunc' (compressionLevel=5, truncBits=22)...
  Appended results to data/muon-zstdtrunc-sweep/results.jsonl
  Compressing branch 'lep_phi' with compressor 'zstd-trunc' (compressionLevel=5, truncBits=22)...
  Appended results to data/muon-zstdtrunc-sweep/results.jsonl
  Compressing branch 'lep_phi' with compressor 'zstd-trunc' (compressionLevel=5, truncBits=22)...
  Appended results to data/muon-zstdtrunc-sweep/results.jsonl
  Compressing branch 'lep_phi' with compressor 'zstd-trunc' (compressionLevel=5, truncBits=22)...
  Appended results to data/muon-zstdtrunc-sweep/results.jsonl
  Compressing branch 'lep_phi' with compressor 'zstd-trunc' (compressionLevel=5, truncBits=22)...
  Appended results to data/muon-zstdtrunc-sweep/results.jsonl
  Compressing branch 'lep_phi' with compressor 'zstd-trunc' (compressionLevel=5, truncBits=22)...
  Appended results to data/muon-zstdtrunc-sweep/results.jsonl
  Compressing branch 'lep_phi' with compressor 'zstd-trunc' (compressionLevel=5, truncBits=22)...
  Appended results to data/muon-zstdtrunc-sweep/results.jsonl
  Compressing branch 'lep_phi' with compressor 'zstd-trunc' (compressionLevel=5, truncBits=22)...
  Appended results to data/muon-zstdtrunc-sweep/results.jsonl
  Compressing branch 'lep_phi' with compressor 'zstd-trunc' (compressionLevel=5, truncBits=22)...
  Appended results to data/muon-zstdtrunc-sweep/results.jsonl
Reading data for branch 'lep_e'...
  Compressing branch 'lep_e' with compressor 'zstd-trunc' (compressionLevel=5, truncBits=2)...
  Appended results to data/muon-zstdtrunc-sweep/results.jsonl
  Compressing branch 'lep_e' with compressor 'zstd-trunc' (compressionLevel=5, truncBits=2)...
  Appended results to data/muon-zstdtrunc-sweep/results.jsonl
  Compressing branch 'lep_e' with compressor 'zstd-trunc' (compressionLevel=5, truncBits=2)...
  Appended results to data/muon-zstdtrunc-sweep/results.jsonl
  Compressing branch 'lep_e' with compressor 'zstd-trunc' (compressionLevel=5, truncBits=2)...
  Appended results to data/muon-zstdtrunc-sweep/results.jsonl
  Compressing branch 'lep_e' with compressor 'zstd-trunc' (compressionLevel=5, truncBits=2)...
  Appended results to data/muon-zstdtrunc-sweep/results.jsonl
  Compressing branch 'lep_e' with compressor 'zstd-trunc' (compressionLevel=5, truncBits=2)...
  Appended results to data/muon-zstdtrunc-sweep/results.jsonl
  Compressing branch 'lep_e' with compressor 'zstd-trunc' (compressionLevel=5, truncBits=2)...
  Appended results to data/muon-zstdtrunc-sweep/results.jsonl
  Compressing branch 'lep_e' with compressor 'zstd-trunc' (compressionLevel=5, truncBits=2)...
  Appended results to data/muon-zstdtrunc-sweep/results.jsonl
  Compressing branch 'lep_e' with compressor 'zstd-trunc' (compressionLevel=5, truncBits=2)...
  Appended results to data/muon-zstdtrunc-sweep/results.jsonl
  Compressing branch 'lep_e' with compressor 'zstd-trunc' (compressionLevel=5, truncBits=2)...
  Appended results to data/muon-zstdtrunc-sweep/results.jsonl
  Compressing branch 'lep_e' with compressor 'zstd-trunc' (compressionLevel=5, truncBits=2)...
  Appended results to data/muon-zstdtrunc-sweep/results.jsonl
  Compressing branch 'lep_e' with compressor 'zstd-trunc' (compressionLevel=5, truncBits=4)...
  Appended results to data/muon-zstdtrunc-sweep/results.jsonl
  Compressing branch 'lep_e' with compressor 'zstd-trunc' (compressionLevel=5, truncBits=4)...
  Appended results to data/muon-zstdtrunc-sweep/results.jsonl
  Compressing branch 'lep_e' with compressor 'zstd-trunc' (compressionLevel=5, truncBits=4)...
  Appended results to data/muon-zstdtrunc-sweep/results.jsonl
  Compressing branch 'lep_e' with compressor 'zstd-trunc' (compressionLevel=5, truncBits=4)...
  Appended results to data/muon-zstdtrunc-sweep/results.jsonl
  Compressing branch 'lep_e' with compressor 'zstd-trunc' (compressionLevel=5, truncBits=4)...
  Appended results to data/muon-zstdtrunc-sweep/results.jsonl
  Compressing branch 'lep_e' with compressor 'zstd-trunc' (compressionLevel=5, truncBits=4)...
  Appended results to data/muon-zstdtrunc-sweep/results.jsonl
  Compressing branch 'lep_e' with compressor 'zstd-trunc' (compressionLevel=5, truncBits=4)...
  Appended results to data/muon-zstdtrunc-sweep/results.jsonl
  Compressing branch 'lep_e' with compressor 'zstd-trunc' (compressionLevel=5, truncBits=4)...
  Appended results to data/muon-zstdtrunc-sweep/results.jsonl
  Compressing branch 'lep_e' with compressor 'zstd-trunc' (compressionLevel=5, truncBits=4)...
  Appended results to data/muon-zstdtrunc-sweep/results.jsonl
  Compressing branch 'lep_e' with compressor 'zstd-trunc' (compressionLevel=5, truncBits=4)...
  Appended results to data/muon-zstdtrunc-sweep/results.jsonl
  Compressing branch 'lep_e' with compressor 'zstd-trunc' (compressionLevel=5, truncBits=4)...
  Appended results to data/muon-zstdtrunc-sweep/results.jsonl
  Compressing branch 'lep_e' with compressor 'zstd-trunc' (compressionLevel=5, truncBits=8)...
  Appended results to data/muon-zstdtrunc-sweep/results.jsonl
  Compressing branch 'lep_e' with compressor 'zstd-trunc' (compressionLevel=5, truncBits=8)...
  Appended results to data/muon-zstdtrunc-sweep/results.jsonl
  Compressing branch 'lep_e' with compressor 'zstd-trunc' (compressionLevel=5, truncBits=8)...
  Appended results to data/muon-zstdtrunc-sweep/results.jsonl
  Compressing branch 'lep_e' with compressor 'zstd-trunc' (compressionLevel=5, truncBits=8)...
  Appended results to data/muon-zstdtrunc-sweep/results.jsonl
  Compressing branch 'lep_e' with compressor 'zstd-trunc' (compressionLevel=5, truncBits=8)...
  Appended results to data/muon-zstdtrunc-sweep/results.jsonl
  Compressing branch 'lep_e' with compressor 'zstd-trunc' (compressionLevel=5, truncBits=8)...
  Appended results to data/muon-zstdtrunc-sweep/results.jsonl
  Compressing branch 'lep_e' with compressor 'zstd-trunc' (compressionLevel=5, truncBits=8)...
  Appended results to data/muon-zstdtrunc-sweep/results.jsonl
  Compressing branch 'lep_e' with compressor 'zstd-trunc' (compressionLevel=5, truncBits=8)...
  Appended results to data/muon-zstdtrunc-sweep/results.jsonl
  Compressing branch 'lep_e' with compressor 'zstd-trunc' (compressionLevel=5, truncBits=8)...
  Appended results to data/muon-zstdtrunc-sweep/results.jsonl
  Compressing branch 'lep_e' with compressor 'zstd-trunc' (compressionLevel=5, truncBits=8)...
  Appended results to data/muon-zstdtrunc-sweep/results.jsonl
  Compressing branch 'lep_e' with compressor 'zstd-trunc' (compressionLevel=5, truncBits=8)...
  Appended results to data/muon-zstdtrunc-sweep/results.jsonl
  Compressing branch 'lep_e' with compressor 'zstd-trunc' (compressionLevel=5, truncBits=10)...
  Appended results to data/muon-zstdtrunc-sweep/results.jsonl
  Compressing branch 'lep_e' with compressor 'zstd-trunc' (compressionLevel=5, truncBits=10)...
  Appended results to data/muon-zstdtrunc-sweep/results.jsonl
  Compressing branch 'lep_e' with compressor 'zstd-trunc' (compressionLevel=5, truncBits=10)...
  Appended results to data/muon-zstdtrunc-sweep/results.jsonl
  Compressing branch 'lep_e' with compressor 'zstd-trunc' (compressionLevel=5, truncBits=10)...
  Appended results to data/muon-zstdtrunc-sweep/results.jsonl
  Compressing branch 'lep_e' with compressor 'zstd-trunc' (compressionLevel=5, truncBits=10)...
  Appended results to data/muon-zstdtrunc-sweep/results.jsonl
  Compressing branch 'lep_e' with compressor 'zstd-trunc' (compressionLevel=5, truncBits=10)...
  Appended results to data/muon-zstdtrunc-sweep/results.jsonl
  Compressing branch 'lep_e' with compressor 'zstd-trunc' (compressionLevel=5, truncBits=10)...
  Appended results to data/muon-zstdtrunc-sweep/results.jsonl
  Compressing branch 'lep_e' with compressor 'zstd-trunc' (compressionLevel=5, truncBits=10)...
  Appended results to data/muon-zstdtrunc-sweep/results.jsonl
  Compressing branch 'lep_e' with compressor 'zstd-trunc' (compressionLevel=5, truncBits=10)...
  Appended results to data/muon-zstdtrunc-sweep/results.jsonl
  Compressing branch 'lep_e' with compressor 'zstd-trunc' (compressionLevel=5, truncBits=10)...
  Appended results to data/muon-zstdtrunc-sweep/results.jsonl
  Compressing branch 'lep_e' with compressor 'zstd-trunc' (compressionLevel=5, truncBits=10)...
  Appended results to data/muon-zstdtrunc-sweep/results.jsonl
  Compressing branch 'lep_e' with compressor 'zstd-trunc' (compressionLevel=5, truncBits=12)...
  Appended results to data/muon-zstdtrunc-sweep/results.jsonl
  Compressing branch 'lep_e' with compressor 'zstd-trunc' (compressionLevel=5, truncBits=12)...
  Appended results to data/muon-zstdtrunc-sweep/results.jsonl
  Compressing branch 'lep_e' with compressor 'zstd-trunc' (compressionLevel=5, truncBits=12)...
  Appended results to data/muon-zstdtrunc-sweep/results.jsonl
  Compressing branch 'lep_e' with compressor 'zstd-trunc' (compressionLevel=5, truncBits=12)...
  Appended results to data/muon-zstdtrunc-sweep/results.jsonl
  Compressing branch 'lep_e' with compressor 'zstd-trunc' (compressionLevel=5, truncBits=12)...
  Appended results to data/muon-zstdtrunc-sweep/results.jsonl
  Compressing branch 'lep_e' with compressor 'zstd-trunc' (compressionLevel=5, truncBits=12)...
  Appended results to data/muon-zstdtrunc-sweep/results.jsonl
  Compressing branch 'lep_e' with compressor 'zstd-trunc' (compressionLevel=5, truncBits=12)...
  Appended results to data/muon-zstdtrunc-sweep/results.jsonl
  Compressing branch 'lep_e' with compressor 'zstd-trunc' (compressionLevel=5, truncBits=12)...
  Appended results to data/muon-zstdtrunc-sweep/results.jsonl
  Compressing branch 'lep_e' with compressor 'zstd-trunc' (compressionLevel=5, truncBits=12)...
  Appended results to data/muon-zstdtrunc-sweep/results.jsonl
  Compressing branch 'lep_e' with compressor 'zstd-trunc' (compressionLevel=5, truncBits=12)...
  Appended results to data/muon-zstdtrunc-sweep/results.jsonl
  Compressing branch 'lep_e' with compressor 'zstd-trunc' (compressionLevel=5, truncBits=12)...
  Appended results to data/muon-zstdtrunc-sweep/results.jsonl
  Compressing branch 'lep_e' with compressor 'zstd-trunc' (compressionLevel=5, truncBits=14)...
  Appended results to data/muon-zstdtrunc-sweep/results.jsonl
  Compressing branch 'lep_e' with compressor 'zstd-trunc' (compressionLevel=5, truncBits=14)...
  Appended results to data/muon-zstdtrunc-sweep/results.jsonl
  Compressing branch 'lep_e' with compressor 'zstd-trunc' (compressionLevel=5, truncBits=14)...
  Appended results to data/muon-zstdtrunc-sweep/results.jsonl
  Compressing branch 'lep_e' with compressor 'zstd-trunc' (compressionLevel=5, truncBits=14)...
  Appended results to data/muon-zstdtrunc-sweep/results.jsonl
  Compressing branch 'lep_e' with compressor 'zstd-trunc' (compressionLevel=5, truncBits=14)...
  Appended results to data/muon-zstdtrunc-sweep/results.jsonl
  Compressing branch 'lep_e' with compressor 'zstd-trunc' (compressionLevel=5, truncBits=14)...
  Appended results to data/muon-zstdtrunc-sweep/results.jsonl
  Compressing branch 'lep_e' with compressor 'zstd-trunc' (compressionLevel=5, truncBits=14)...
  Appended results to data/muon-zstdtrunc-sweep/results.jsonl
  Compressing branch 'lep_e' with compressor 'zstd-trunc' (compressionLevel=5, truncBits=14)...
  Appended results to data/muon-zstdtrunc-sweep/results.jsonl
  Compressing branch 'lep_e' with compressor 'zstd-trunc' (compressionLevel=5, truncBits=14)...
  Appended results to data/muon-zstdtrunc-sweep/results.jsonl
  Compressing branch 'lep_e' with compressor 'zstd-trunc' (compressionLevel=5, truncBits=14)...
  Appended results to data/muon-zstdtrunc-sweep/results.jsonl
  Compressing branch 'lep_e' with compressor 'zstd-trunc' (compressionLevel=5, truncBits=14)...
  Appended results to data/muon-zstdtrunc-sweep/results.jsonl
  Compressing branch 'lep_e' with compressor 'zstd-trunc' (compressionLevel=5, truncBits=16)...
  Appended results to data/muon-zstdtrunc-sweep/results.jsonl
  Compressing branch 'lep_e' with compressor 'zstd-trunc' (compressionLevel=5, truncBits=16)...
  Appended results to data/muon-zstdtrunc-sweep/results.jsonl
  Compressing branch 'lep_e' with compressor 'zstd-trunc' (compressionLevel=5, truncBits=16)...
  Appended results to data/muon-zstdtrunc-sweep/results.jsonl
  Compressing branch 'lep_e' with compressor 'zstd-trunc' (compressionLevel=5, truncBits=16)...
  Appended results to data/muon-zstdtrunc-sweep/results.jsonl
  Compressing branch 'lep_e' with compressor 'zstd-trunc' (compressionLevel=5, truncBits=16)...
  Appended results to data/muon-zstdtrunc-sweep/results.jsonl
  Compressing branch 'lep_e' with compressor 'zstd-trunc' (compressionLevel=5, truncBits=16)...
  Appended results to data/muon-zstdtrunc-sweep/results.jsonl
  Compressing branch 'lep_e' with compressor 'zstd-trunc' (compressionLevel=5, truncBits=16)...
  Appended results to data/muon-zstdtrunc-sweep/results.jsonl
  Compressing branch 'lep_e' with compressor 'zstd-trunc' (compressionLevel=5, truncBits=16)...
  Appended results to data/muon-zstdtrunc-sweep/results.jsonl
  Compressing branch 'lep_e' with compressor 'zstd-trunc' (compressionLevel=5, truncBits=16)...
  Appended results to data/muon-zstdtrunc-sweep/results.jsonl
  Compressing branch 'lep_e' with compressor 'zstd-trunc' (compressionLevel=5, truncBits=16)...
  Appended results to data/muon-zstdtrunc-sweep/results.jsonl
  Compressing branch 'lep_e' with compressor 'zstd-trunc' (compressionLevel=5, truncBits=16)...
  Appended results to data/muon-zstdtrunc-sweep/results.jsonl
  Compressing branch 'lep_e' with compressor 'zstd-trunc' (compressionLevel=5, truncBits=18)...
  Appended results to data/muon-zstdtrunc-sweep/results.jsonl
  Compressing branch 'lep_e' with compressor 'zstd-trunc' (compressionLevel=5, truncBits=18)...
  Appended results to data/muon-zstdtrunc-sweep/results.jsonl
  Compressing branch 'lep_e' with compressor 'zstd-trunc' (compressionLevel=5, truncBits=18)...
  Appended results to data/muon-zstdtrunc-sweep/results.jsonl
  Compressing branch 'lep_e' with compressor 'zstd-trunc' (compressionLevel=5, truncBits=18)...
  Appended results to data/muon-zstdtrunc-sweep/results.jsonl
  Compressing branch 'lep_e' with compressor 'zstd-trunc' (compressionLevel=5, truncBits=18)...
  Appended results to data/muon-zstdtrunc-sweep/results.jsonl
  Compressing branch 'lep_e' with compressor 'zstd-trunc' (compressionLevel=5, truncBits=18)...
  Appended results to data/muon-zstdtrunc-sweep/results.jsonl
  Compressing branch 'lep_e' with compressor 'zstd-trunc' (compressionLevel=5, truncBits=18)...
  Appended results to data/muon-zstdtrunc-sweep/results.jsonl
  Compressing branch 'lep_e' with compressor 'zstd-trunc' (compressionLevel=5, truncBits=18)...
  Appended results to data/muon-zstdtrunc-sweep/results.jsonl
  Compressing branch 'lep_e' with compressor 'zstd-trunc' (compressionLevel=5, truncBits=18)...
  Appended results to data/muon-zstdtrunc-sweep/results.jsonl
  Compressing branch 'lep_e' with compressor 'zstd-trunc' (compressionLevel=5, truncBits=18)...
  Appended results to data/muon-zstdtrunc-sweep/results.jsonl
  Compressing branch 'lep_e' with compressor 'zstd-trunc' (compressionLevel=5, truncBits=18)...
  Appended results to data/muon-zstdtrunc-sweep/results.jsonl
  Compressing branch 'lep_e' with compressor 'zstd-trunc' (compressionLevel=5, truncBits=20)...
  Appended results to data/muon-zstdtrunc-sweep/results.jsonl
  Compressing branch 'lep_e' with compressor 'zstd-trunc' (compressionLevel=5, truncBits=20)...
  Appended results to data/muon-zstdtrunc-sweep/results.jsonl
  Compressing branch 'lep_e' with compressor 'zstd-trunc' (compressionLevel=5, truncBits=20)...
  Appended results to data/muon-zstdtrunc-sweep/results.jsonl
  Compressing branch 'lep_e' with compressor 'zstd-trunc' (compressionLevel=5, truncBits=20)...
  Appended results to data/muon-zstdtrunc-sweep/results.jsonl
  Compressing branch 'lep_e' with compressor 'zstd-trunc' (compressionLevel=5, truncBits=20)...
  Appended results to data/muon-zstdtrunc-sweep/results.jsonl
  Compressing branch 'lep_e' with compressor 'zstd-trunc' (compressionLevel=5, truncBits=20)...
  Appended results to data/muon-zstdtrunc-sweep/results.jsonl
  Compressing branch 'lep_e' with compressor 'zstd-trunc' (compressionLevel=5, truncBits=20)...
  Appended results to data/muon-zstdtrunc-sweep/results.jsonl
  Compressing branch 'lep_e' with compressor 'zstd-trunc' (compressionLevel=5, truncBits=20)...
  Appended results to data/muon-zstdtrunc-sweep/results.jsonl
  Compressing branch 'lep_e' with compressor 'zstd-trunc' (compressionLevel=5, truncBits=20)...
  Appended results to data/muon-zstdtrunc-sweep/results.jsonl
  Compressing branch 'lep_e' with compressor 'zstd-trunc' (compressionLevel=5, truncBits=20)...
  Appended results to data/muon-zstdtrunc-sweep/results.jsonl
  Compressing branch 'lep_e' with compressor 'zstd-trunc' (compressionLevel=5, truncBits=20)...
  Appended results to data/muon-zstdtrunc-sweep/results.jsonl
  Compressing branch 'lep_e' with compressor 'zstd-trunc' (compressionLevel=5, truncBits=22)...
  Appended results to data/muon-zstdtrunc-sweep/results.jsonl
  Compressing branch 'lep_e' with compressor 'zstd-trunc' (compressionLevel=5, truncBits=22)...
  Appended results to data/muon-zstdtrunc-sweep/results.jsonl
  Compressing branch 'lep_e' with compressor 'zstd-trunc' (compressionLevel=5, truncBits=22)...
  Appended results to data/muon-zstdtrunc-sweep/results.jsonl
  Compressing branch 'lep_e' with compressor 'zstd-trunc' (compressionLevel=5, truncBits=22)...
  Appended results to data/muon-zstdtrunc-sweep/results.jsonl
  Compressing branch 'lep_e' with compressor 'zstd-trunc' (compressionLevel=5, truncBits=22)...
  Appended results to data/muon-zstdtrunc-sweep/results.jsonl
  Compressing branch 'lep_e' with compressor 'zstd-trunc' (compressionLevel=5, truncBits=22)...
  Appended results to data/muon-zstdtrunc-sweep/results.jsonl
  Compressing branch 'lep_e' with compressor 'zstd-trunc' (compressionLevel=5, truncBits=22)...
  Appended results to data/muon-zstdtrunc-sweep/results.jsonl
  Compressing branch 'lep_e' with compressor 'zstd-trunc' (compressionLevel=5, truncBits=22)...
  Appended results to data/muon-zstdtrunc-sweep/results.jsonl
  Compressing branch 'lep_e' with compressor 'zstd-trunc' (compressionLevel=5, truncBits=22)...
  Appended results to data/muon-zstdtrunc-sweep/results.jsonl
  Compressing branch 'lep_e' with compressor 'zstd-trunc' (compressionLevel=5, truncBits=22)...
  Appended results to data/muon-zstdtrunc-sweep/results.jsonl
  Compressing branch 'lep_e' with compressor 'zstd-trunc' (compressionLevel=5, truncBits=22)...
  Appended results to data/muon-zstdtrunc-sweep/results.jsonl
